declare namespace Spatie.LaravelTypeScriptTransformer.Tests.Fixtures.Enums {
export type PersonType = 'actor' | 'director' | 'both';
}
declare namespace Spatie.LaravelTypeScriptTransformer.Tests.Fixtures.Models {
export type Award =  {
    id: number;
    name: string;
    category: string;
    year: number;
    awardable_type: string;
    awardable_id: number;
    created_at: string | null;
    updated_at: string | null;
    awardable? : any;
};
export type Casting =  {
    id?: number;
    movie_id: number;
    person_id: number;
    character_name: string;
    billing_order: number | null;
    salary: string | null;
    contract_details: any | null;
    created_at: string | null;
    updated_at: string | null;
    movie? : Movie;
    person? : Person;
};
export type Movie =  {
    id: number;
    title: string;
    plot: string | null;
    rating: number | null;
    metadata: any | null;
    box_office: number | null;
    runtime: number | null;
    release_date: string | null;
    premiered_at: string | null;
    is_released: boolean;
    director_id: number | null;
    created_at: string | null;
    updated_at: string | null;
    director? : Person | null;
    cast? : Array<Person & { pivot: Casting }>;
    awards? : any[];
};
export type Person =  {
    id: number;
    name: string;
    biography: string | null;
    type: string;
    awards_received: any | null;
    net_worth: string | null;
    date_of_birth: string | null;
    mentor_id: number | null;
    created_at: string | null;
    updated_at: string | null;
    movies? : Array<Movie & { casting: Casting }>;
    directed_movies? : Movie[];
    mentor? : Person | null;
    apprentices? : Person[];
    awards? : any[];
};
}
