 {
    id: number;
    title: string;
    plot: string | null;
    rating: number | null;
    metadata: any | null;
    box_office: number | null;
    runtime: number | null;
    release_date: string | null;
    premiered_at: string | null;
    is_released: boolean;
    director_id: number | null;
    created_at: string | null;
    updated_at: string | null;
    director? : Person | null;
    cast? : Array<Person & { pivot: Casting }>;
    awards? : any[];
}